exports[`<Event /> should render with default props 1`] = `
<Apollo(Apollo(Event))
  dispatch={[Function anonymous]}
  store={
    Object {
      "clearActions": [Function clearActions],
      "dispatch": [Function anonymous],
      "getActions": [Function getActions],
      "getState": [Function getState],
      "replaceReducer": [Function replaceReducer],
      "subscribe": [Function subscribe]
    }
  }
  user={
    Object {
      "authToken": null
    }
  } />
`;
