exports[`<ToolTip /> should render with default props 1`] = `<div />`;
