exports[`<Events /> should render with default props 1`] = `
<Apollo(EventsContainer)
  actions={
    Object {
      "eventsDefaultAction": [Function anonymous]
    }
  }
  store={
    Object {
      "clearActions": [Function clearActions],
      "dispatch": [Function anonymous],
      "getActions": [Function getActions],
      "getState": [Function getState],
      "replaceReducer": [Function replaceReducer],
      "subscribe": [Function subscribe]
    }
  } />
`;
